The ``0-add_integer`` module
============================

Usage
-----

```add_integer(a, b)``` returns the addition of its two arguments. For numbers,
that value is equivalent to using the ``+`` operator.

Examples
--------

>>> from add_integer import add_integer

>>> add_integer(1, 2)
3

>>> add_integer(100, -2)
98

>>> add_integer(6.3,3)
9
   
>>> add_integer(6,3.1)
9
    
>>> add_integer(2.7)
100

>>> add_integer(1.3,3.1)
4

>>> add_integer("a",3)
Traceback (most recent call last):
...
TypeError: a must be an integer

>>> add_integer(3,"z")
Traceback (most recent call last):
...
TypeError: b must be an integer

>>> add_integer("r","z")
Traceback (most recent call last):
...
TypeError: a must be an integer