The ``matrix_divided`` module
======================

Using ``division``
-------------------

This is an example text file in reStructuredText format.  First import
``add_integer`` from the add_integer module:

    

Now use it:

>>> matrix_divided = __import__('2-matrix_divided').matrix_divided


>>> matrix_divided([[1, 2, 3], [4, 5, 6]], 3)
[[0.33, 0.67, 1.0], [1.33, 1.67, 2.0]]

>>> matrix_divided([[1, 2, 3], [4, 5, 6]], "a")
Traceback (most recent call last):
TypeError: div must be a number

>>> matrix_divided([[1, 2, 3], [4, 5, 6]], 0)
Traceback (most recent call last):
ZeroDivisionError: division by zero


>>> matrix_divided(["abc", 1)
TypeError matrix must be a matrix (list of lists) of integers/floats